
> projects-pwa@0.0.0 build
> tsc -b && vite build

vite v7.1.11 building for production...
transforming...
✓ 3366 modules transformed.
rendering chunks...
[plugin vite:reporter] 
(!) /home/raunak/Projects/projectstation/projectS-PWA/src/components/dashboard/components/ProjectDetailsModal.tsx is dynamically imported by /home/raunak/Projects/projectstation/projectS-PWA/src/components/dashboard/WBTDashboard.tsx but also statically imported by /home/raunak/Projects/projectstation/projectS-PWA/src/components/dashboard/ProjectDashboard.tsx, dynamic import will not move module into another chunk.

[plugin vite:reporter] 
(!) /home/raunak/Projects/projectstation/projectS-PWA/src/components/dashboard/components/ProjectListModal.tsx is dynamically imported by /home/raunak/Projects/projectstation/projectS-PWA/src/components/dashboard/WBTDashboard.tsx but also statically imported by /home/raunak/Projects/projectstation/projectS-PWA/src/components/dashboard/ProjectDashboard.tsx, dynamic import will not move module into another chunk.

computing gzip size...
dist/manifest.webmanifest                             0.49 kB
dist/index.html                                       1.01 kB │ gzip:     0.52 kB
dist/assets/asci-D-Ou_1zA.webp                       16.86 kB
dist/assets/logo-CyfqnICI.png                        56.38 kB
dist/assets/background-image-C8Mjj4Mn.jpg           133.07 kB
dist/assets/Logo-CmmdH6U7.svg                       249.34 kB │ gzip:   184.62 kB
dist/assets/mainLogo-BFWvmaEN.png                 3,385.83 kB
dist/assets/mainLogoS-FPMtG0Yz.png                3,819.27 kB
dist/assets/index-DzJCyako.css                      108.11 kB │ gzip:    17.72 kB
dist/assets/activity-DCq3fed8.js                      0.41 kB │ gzip:     0.31 kB
dist/assets/files-BW14irhJ.js                         0.51 kB │ gzip:     0.33 kB
dist/assets/ProjectStats-AGgC4NJ9.js                  2.35 kB │ gzip:     1.06 kB
dist/assets/SubmittalListModal-Bruock6a.js            2.53 kB │ gzip:     1.00 kB
dist/assets/PendingActions-CbW4Gmw8.js                2.61 kB │ gzip:     1.16 kB
dist/assets/InvoiceTrends-BXHSLWqq.js                 4.10 kB │ gzip:     1.71 kB
dist/assets/UpcomingSubmittals-ZF0H7O_a.js            5.10 kB │ gzip:     1.48 kB
dist/assets/workbox-window.prod.es5-CwtvwXb3.js       5.76 kB │ gzip:     2.37 kB
dist/assets/GetProjectById-Dzs5A8Ec.js               90.68 kB │ gzip:    19.81 kB
dist/assets/index-CKNWzKj6.js                    11,435.34 kB │ gzip: 3,070.31 kB

(!) Some chunks are larger than 500 kB after minification. Consider:
- Using dynamic import() to code-split the application
- Use build.rollupOptions.output.manualChunks to improve chunking: https://rollupjs.org/configuration-options/#output-manualchunks
- Adjust chunk size limit for this warning via build.chunkSizeWarningLimit.
✓ built in 9.80s
[baseline-browser-mapping] The data in this module is over two months old.  To ensure accurate Baseline data, please update: `npm i baseline-browser-mapping@latest -D`
error during build:
Error: 
  Configure "workbox.maximumFileSizeToCacheInBytes" to change the limit: the default value is 2 MiB.
  Check https://vite-pwa-org.netlify.app/guide/faq.html#missing-assets-from-sw-precache-manifest for more information.
  Assets exceeding the limit:
  - assets/index-CKNWzKj6.js is 11.4 MB, and won't be precached.

    at logWorkboxResult (file:///home/raunak/Projects/projectstation/projectS-PWA/node_modules/vite-plugin-pwa/dist/chunk-G4TAN34B.js:44:13)
    at generateServiceWorker (file:///home/raunak/Projects/projectstation/projectS-PWA/node_modules/vite-plugin-pwa/dist/index.js:209:3)
    at async _generateSW (file:///home/raunak/Projects/projectstation/projectS-PWA/node_modules/vite-plugin-pwa/dist/index.js:234:5)
    at async Object.handler (file:///home/raunak/Projects/projectstation/projectS-PWA/node_modules/vite-plugin-pwa/dist/index.js:427:13)
    at async PluginDriver.hookParallel (file:///home/raunak/Projects/projectstation/projectS-PWA/node_modules/rollup/dist/es/shared/node-entry.js:22330:17)
    at async Object.close (file:///home/raunak/Projects/projectstation/projectS-PWA/node_modules/rollup/dist/es/shared/node-entry.js:23347:13)
    at async buildEnvironment (file:///home/raunak/Projects/projectstation/projectS-PWA/node_modules/vite/dist/node/chunks/config.js:33799:15)
    at async Object.build (file:///home/raunak/Projects/projectstation/projectS-PWA/node_modules/vite/dist/node/chunks/config.js:34143:19)
    at async Object.buildApp (file:///home/raunak/Projects/projectstation/projectS-PWA/node_modules/vite/dist/node/chunks/config.js:34140:153)
    at async CAC.<anonymous> (file:///home/raunak/Projects/projectstation/projectS-PWA/node_modules/vite/dist/node/cli.js:629:3)
